// Jest Snapshot v1, https://goo.gl/fbAQLP

exports[`__interactive 1`] = `
<DocumentFragment>
  <div
    class="processLine"
  >
    <span
      class="dash"
    />
    <span
      class="dash"
    />
    <span
      class="dash"
    />
    <span
      class="dash"
    />
    <span
      class="dash"
    />
  </div>
</DocumentFragment>
`;
