// Jest Snapshot v1, https://goo.gl/fbAQLP

exports[`__interactive 1`] = `
<DocumentFragment>
  <div
    class="card01"
  >
    <img
      alt="work"
      src="https://fakeimg.pl/300/"
    />
    <div
      class="title"
    >
      Product Name
    </div>
    <div
      class="description"
    >
      Task
    </div>
  </div>
</DocumentFragment>
`;
