// Jest Snapshot v1, https://goo.gl/fbAQLP

exports[`__interactive 1`] = `
<DocumentFragment>
  <div
    class="slider"
  >
    <div
      class="swiper-container swiper-container-initialized swiper-container-horizontal"
    >
      <div
        class="swiper-wrapper"
        style="-webkit-transition-duration: 0ms; -webkit-transform: translate3d(NaNpx, 0px, 0px);"
      >
        <div
          class="defaultSlide swiper-slide"
        >
          <img
            alt="slide"
            src="https://fakeimg.pl/300/?text=01"
          />
        </div>
        <div
          class="defaultSlide swiper-slide"
        >
          <img
            alt="slide"
            src="https://fakeimg.pl/300/?text=02"
          />
        </div>
        <div
          class="defaultSlide swiper-slide"
        >
          <img
            alt="slide"
            src="https://fakeimg.pl/300/?text=03"
          />
        </div>
        <div
          class="defaultSlide swiper-slide"
        >
          <img
            alt="slide"
            src="https://fakeimg.pl/300/?text=04"
          />
        </div>
        <div
          class="defaultSlide swiper-slide"
        >
          <img
            alt="slide"
            src="https://fakeimg.pl/300/?text=05"
          />
        </div>
      </div>
      <span
        aria-atomic="true"
        aria-live="assertive"
        class="swiper-notification"
      />
    </div>
  </div>
</DocumentFragment>
`;
