// Jest Snapshot v1, https://goo.gl/fbAQLP

exports[`__interactive 1`] = `
<DocumentFragment>
  <div
    class="socialMedia"
  >
    <a
      class="socialLink link"
      href="https://www.facebook.com/"
      rel="noopener noreferrer"
      target="_blank"
    >
      <test-file-stub />
    </a>
    <a
      class="socialLink link"
      href="https://www.youtube.com/"
      rel="noopener noreferrer"
      target="_blank"
    >
      <test-file-stub />
    </a>
    <a
      class="socialLink link"
      href="https://www.linkedin.com/"
      rel="noopener noreferrer"
      target="_blank"
    >
      <test-file-stub />
    </a>
  </div>
</DocumentFragment>
`;
